constants.ts(5,119): error TS2353: Object literal may only specify known properties, and 'password' does not exist in type 'Branch'.
constants.ts(6,123): error TS2353: Object literal may only specify known properties, and 'password' does not exist in type 'Branch'.
constants.ts(7,115): error TS2353: Object literal may only specify known properties, and 'password' does not exist in type 'Branch'.
